
ΓöîΓöÇΓöÇΓöÇΓöÇΓöÇΓöÇΓöÇΓöÇΓöÇΓöÇΓöÇΓöÇΓöÇΓöÇΓöÇΓöÇΓöÇΓöÇΓöÇΓöÇΓöÇΓöÇΓöÇΓöÇΓöÇΓöÇΓöÇΓöÇΓöÇΓöÇΓöÇΓöÇΓöÇΓöÇΓöÇΓöÇΓöÇΓöÇΓöÇΓöÇΓöÇΓöÇΓöÇΓöÇΓöÇΓöÇΓöÇΓöÇΓöÇΓöÇΓöÇΓöÇΓöÇΓöÇΓöÇΓöÇΓöÇΓöÉ
Γöé A new version of Flutter is available!                  Γöé
Γöé                                                         Γöé
Γöé To update to the latest version, run "flutter upgrade". Γöé
ΓööΓöÇΓöÇΓöÇΓöÇΓöÇΓöÇΓöÇΓöÇΓöÇΓöÇΓöÇΓöÇΓöÇΓöÇΓöÇΓöÇΓöÇΓöÇΓöÇΓöÇΓöÇΓöÇΓöÇΓöÇΓöÇΓöÇΓöÇΓöÇΓöÇΓöÇΓöÇΓöÇΓöÇΓöÇΓöÇΓöÇΓöÇΓöÇΓöÇΓöÇΓöÇΓöÇΓöÇΓöÇΓöÇΓöÇΓöÇΓöÇΓöÇΓöÇΓöÇΓöÇΓöÇΓöÇΓöÇΓöÇΓöÇΓöÿ
Analyzing manufacturing_app...                                  

warning - Duplicate import - lib\firebase_options.dart:4:8 - duplicate_import
   info - Parameter 'key' could be a super parameter - lib\main.dart:29:9 - use_super_parameters
   info - Parameter 'key' could be a super parameter - lib\screens\dashboard_screen.dart:11:9 - use_super_parameters
   info - Parameter 'key' could be a super parameter - lib\screens\dashboard_screen.dart:147:9 - use_super_parameters
   info - Use 'const' literals as arguments to constructors of '@immutable' classes - lib\screens\dashboard_screen.dart:169:23 - prefer_const_literals_to_create_immutables
   info - Use 'const' with the constructor to improve performance - lib\screens\dashboard_screen.dart:170:15 - prefer_const_constructors
   info - Use 'const' with the constructor to improve performance - lib\screens\dashboard_screen.dart:176:15 - prefer_const_constructors
   info - Use 'const' with the constructor to improve performance - lib\screens\dashboard_screen.dart:182:15 - prefer_const_constructors
   info - Use 'const' with the constructor to improve performance - lib\screens\dashboard_screen.dart:188:15 - prefer_const_constructors
   info - Parameter 'key' could be a super parameter - lib\screens\dashboard_screen.dart:256:9 - use_super_parameters
   info - 'withOpacity' is deprecated and shouldn't be used. Use .withValues() to avoid precision loss - lib\screens\dashboard_screen.dart:269:36 - deprecated_member_use
   info - 'withOpacity' is deprecated and shouldn't be used. Use .withValues() to avoid precision loss - lib\screens\dashboard_screen.dart:271:24 - deprecated_member_use
   info - Parameter 'key' could be a super parameter - lib\screens\dashboard_screen.dart:304:9 - use_super_parameters
   info - Parameter 'key' could be a super parameter - lib\screens\login_screen.dart:7:9 - use_super_parameters
   info - 'value' is deprecated and shouldn't be used. Use initialValue instead. This will set the initial value for the form field. This feature was deprecated after v3.33.0-1.0.pre - lib\screens\production_screen.dart:222:21 - deprecated_member_use
   info - 'value' is deprecated and shouldn't be used. Use initialValue instead. This will set the initial value for the form field. This feature was deprecated after v3.33.0-1.0.pre - lib\screens\production_screen.dart:240:21 - deprecated_member_use
   info - 'value' is deprecated and shouldn't be used. Use initialValue instead. This will set the initial value for the form field. This feature was deprecated after v3.33.0-1.0.pre - lib\screens\production_screen.dart:362:27 - deprecated_member_use
   info - 'value' is deprecated and shouldn't be used. Use initialValue instead. This will set the initial value for the form field. This feature was deprecated after v3.33.0-1.0.pre - lib\screens\production_screen.dart:489:27 - deprecated_member_use
   info - Don't use 'BuildContext's across async gaps, guarded by an unrelated 'mounted' check - lib\screens\production_screen.dart:580:25 - use_build_context_synchronously
   info - Don't use 'BuildContext's across async gaps - lib\screens\production_screen.dart:586:25 - use_build_context_synchronously
   info - Don't use 'BuildContext's across async gaps - lib\screens\production_screen.dart:598:25 - use_build_context_synchronously
warning - Duplicate import - lib\screens\raw_materials_screen.dart:7:8 - duplicate_import
   info - 'value' is deprecated and shouldn't be used. Use initialValue instead. This will set the initial value for the form field. This feature was deprecated after v3.33.0-1.0.pre - lib\screens\raw_materials_screen.dart:411:27 - deprecated_member_use
   info - Don't use 'BuildContext's across async gaps - lib\screens\raw_materials_screen.dart:491:37 - use_build_context_synchronously
   info - Don't use 'BuildContext's across async gaps - lib\screens\raw_materials_screen.dart:496:25 - use_build_context_synchronously
   info - 'value' is deprecated and shouldn't be used. Use initialValue instead. This will set the initial value for the form field. This feature was deprecated after v3.33.0-1.0.pre - lib\screens\raw_materials_screen.dart:627:23 - deprecated_member_use
  error - A value of type 'List<dynamic>' can't be assigned to a variable of type 'List<User>' - lib\screens\settings_screen.dart:35:18 - invalid_assignment
   info - 'value' is deprecated and shouldn't be used. Use initialValue instead. This will set the initial value for the form field. This feature was deprecated after v3.33.0-1.0.pre - lib\screens\supply_orders_screen.dart:451:27 - deprecated_member_use
   info - Don't use 'BuildContext's across async gaps - lib\screens\supply_orders_screen.dart:541:37 - use_build_context_synchronously
   info - Don't use 'BuildContext's across async gaps - lib\screens\supply_orders_screen.dart:545:44 - use_build_context_synchronously
warning - The value of the local variable 'response' isn't used - lib\services\auth_service.dart:94:13 - unused_local_variable
  error - The method 'eq' isn't defined for the type 'PostgrestTransformBuilder' - lib\services\database_services.dart:24:47 - undefined_method
   info - Statements in an if should be enclosed in a block - lib\services\database_services.dart:26:9 - curly_braces_in_flow_control_structures
  error - The method 'eq' isn't defined for the type 'PostgrestTransformBuilder' - lib\services\database_services.dart:26:23 - undefined_method
  error - The method 'eq' isn't defined for the type 'PostgrestTransformBuilder' - lib\services\database_services.dart:27:47 - undefined_method
   info - Don't invoke 'print' in production code - lib\services\database_services.dart:32:7 - avoid_print
   info - Don't invoke 'print' in production code - lib\services\database_services.dart:43:7 - avoid_print
   info - Don't invoke 'print' in production code - lib\services\database_services.dart:59:7 - avoid_print
   info - Don't invoke 'print' in production code - lib\services\database_services.dart:79:7 - avoid_print
   info - Don't invoke 'print' in production code - lib\services\database_services.dart:93:7 - avoid_print
   info - Don't invoke 'print' in production code - lib\services\database_services.dart:120:7 - avoid_print
   info - Don't invoke 'print' in production code - lib\services\database_services.dart:145:7 - avoid_print
   info - Don't invoke 'print' in production code - lib\services\database_services.dart:165:7 - avoid_print
   info - Don't invoke 'print' in production code - lib\services\database_services.dart:179:7 - avoid_print
  error - The method 'eq' isn't defined for the type 'PostgrestTransformBuilder' - lib\services\database_services.dart:198:48 - undefined_method
  error - The method 'eq' isn't defined for the type 'PostgrestTransformBuilder' - lib\services\database_services.dart:199:47 - undefined_method
   info - Statements in an if should be enclosed in a block - lib\services\database_services.dart:201:9 - curly_braces_in_flow_control_structures
  error - The method 'ilike' isn't defined for the type 'PostgrestTransformBuilder' - lib\services\database_services.dart:201:23 - undefined_method
   info - Don't invoke 'print' in production code - lib\services\database_services.dart:206:7 - avoid_print
   info - Don't invoke 'print' in production code - lib\services\database_services.dart:231:7 - avoid_print
   info - Don't invoke 'print' in production code - lib\services\database_services.dart:251:7 - avoid_print
   info - Don't invoke 'print' in production code - lib\services\database_services.dart:265:7 - avoid_print
   info - Don't invoke 'print' in production code - lib\services\database_services.dart:278:7 - avoid_print
  error - The name 'User' is defined in the libraries 'package:gotrue/src/types/user.dart (via package:supabase_flutter/supabase_flutter.dart)' and 'package:manufacturing_app/models/models.dart' - lib\services\database_services.dart:285:15 - ambiguous_import
  error - The name 'User' is defined in the libraries 'package:gotrue/src/types/user.dart (via package:supabase_flutter/supabase_flutter.dart)' and 'package:manufacturing_app/models/models.dart' - lib\services\database_services.dart:289:40 - ambiguous_import
   info - Don't invoke 'print' in production code - lib\services\database_services.dart:291:7 - avoid_print
  error - The method 'count' isn't defined for the type 'PostgrestFilterBuilder' - lib\services\database_services.dart:305:12 - undefined_method
  error - The method 'count' isn't defined for the type 'PostgrestFilterBuilder' - lib\services\database_services.dart:312:12 - undefined_method
  error - The method 'count' isn't defined for the type 'PostgrestFilterBuilder' - lib\services\database_services.dart:319:12 - undefined_method
   info - Use 'const' with the constructor to improve performance - lib\services\database_services.dart:326:42 - prefer_const_constructors
  error - The method 'count' isn't defined for the type 'PostgrestFilterBuilder' - lib\services\database_services.dart:328:12 - undefined_method
   info - Don't invoke 'print' in production code - lib\services\database_services.dart:337:7 - avoid_print
   info - Don't invoke 'print' in production code - lib\services\database_services.dart:366:7 - avoid_print
warning - The asset directory 'assets/images/' doesn't exist - pubspec.yaml:44:7 - asset_directory_does_not_exist
warning - The asset directory 'assets/icons/' doesn't exist - pubspec.yaml:45:7 - asset_directory_does_not_exist
  error - The name 'MyApp' isn't a class - test\widget_test.dart:16:35 - creation_with_non_type

